******************************************************************************
          TMS320C6x COFF Linker PC v5.1.0                      
******************************************************************************
>> Linked Thu Mar 23 19:23:29 2023

OUTPUT FILE NAME:   <./Debug/lab3.out>
ENTRY POINT SYMBOL: "_c_int00"  address: 800018e0


MEMORY CONFIGURATION

                  name            origin    length      used    attr    fill
         ----------------------  --------  ---------  --------  ----  --------
         VECS                    00000000   00000200  00000200  RWIX
         PMEM                    00000200   0000fe00  00000000  RWIX
         BMEM                    80000000   01000000  0000303e  RWIX


SECTION ALLOCATION MAP

 output                                  attributes/
section   page    origin      length       input sections
--------  ----  ----------  ----------   ----------------
.rtdx_text 
*          0    80000000    00000000     UNINITIALIZED

.bss       0    80000000    00000000     UNINITIALIZED

.cio       0    80000000    00000000     UNINITIALIZED

.data      0    80000000    00000000     UNINITIALIZED

.rtdx_data 
*          0    80000000    00000000     UNINITIALIZED

.switch    0    80000000    00000000     UNINITIALIZED

.sysmem    0    80000000    00000000     UNINITIALIZED

.text      0    80000000    00001b40     
                  80000000    00000480     dsk6713bsl.lib : dsk6713.obj (.text)
                  80000480    00000380     main.obj (.text)
                  80000800    00000320     dsk6713bsl.lib : dsk6713_aic23_opencodec.obj (.text)
                  80000b20    00000240     rts6700.lib : memcpy62.obj (.text:_memcpy)
                  80000d60    000001c0     csl6713.lib : csl_irq.obj (.text:_IRQ_map)
                  80000f20    000001a0                 : csl_mcbsp.obj (.text:_MCBSP_reset)
                  800010c0    00000160     dsk6713bsl.lib : dsk6713_aic23_registers.obj (.text)
                  80001220    00000140     rts6700.lib : exit.obj (.text:_exit)
                  80001360    00000140                 : autoinit.obj (.text:__auto_init)
                  800014a0    00000100     csl6713.lib : csl_mcbsp.obj (.text:_MCBSP_open)
                  800015a0    00000100                 : csl_mcbsp.obj (.text:_MCBSP_start)
                  800016a0    000000e0     rts6700.lib : strasg.obj (.text:__strasg)
                  80001780    000000c0     dsk6713bsl.lib : dsk6713_aic23_setfreq.obj (.text)
                  80001840    000000a0     csl6713.lib : csl_irq.obj (.text:_setMux)
                  800018e0    00000080     rts6700.lib : boot.obj (.text:_c_int00)
                  80001960    00000040     csl6713.lib : csl_irq.obj (.text:_IRQ_reset)
                  800019a0    00000040                 : csl_irq.obj (.text:_IRQ_enable)
                  800019e0    00000040     rts6700.lib : args_main.obj (.text:__args_main)
                  80001a20    00000020     csl6713.lib : csl_irq.obj (.text:_IRQ_globalDisable)
                  80001a40    00000020     rts6700.lib : exit.obj (.text:_abort)
                  80001a60    00000020                 : _lock.obj (.text:__nop)
                  80001a80    00000020     csl6713.lib : csl_mcbsp.obj (.text:_MCBSP_read)
                  80001aa0    00000020                 : csl_irq.obj (.text:_IRQ_globalEnable)
                  80001ac0    00000020     vectors.obj (.text)
                  80001ae0    00000020     csl6713.lib : csl_irq.obj (.text)
                  80001b00    00000020                 : csl_irq.obj (.text:_IRQ_nmiEnable)
                  80001b20    00000020                 : csl_mcbsp.obj (.text:_MCBSP_write)

.stack     0    80001b40    00001000     UNINITIALIZED
                  80001b40    00000008     rts6700.lib : boot.obj (.stack)

.cinit     0    80002b40    00000264     
                  80002b40    0000012c     csl6713.lib : csl_irq.obj (.cinit)
                  80002c6c    00000004     --HOLE-- [fill = 0]
                  80002c70    00000054                 : csl_mcbsp.obj (.cinit)
                  80002cc4    00000004     --HOLE-- [fill = 0]
                  80002cc8    00000030     dsk6713bsl.lib : dsk6713_aic23_registers.obj (.cinit)
                  80002cf8    00000030     main.obj (.cinit)
                  80002d28    0000002c     rts6700.lib : exit.obj (.cinit)
                  80002d54    00000004     --HOLE-- [fill = 0]
                  80002d58    00000028     dsk6713bsl.lib : dsk6713_aic23_setfreq.obj (.cinit)
                  80002d80    0000001c     rts6700.lib : _lock.obj (.cinit)
                  80002d9c    00000008     --HOLE-- [fill = 0]

.far       0    80002da4    0000023a     UNINITIALIZED
                  80002da4    000000f4     csl6713.lib : csl_irq.obj (.far)
                  80002e98    0000008c     rts6700.lib : exit.obj (.far)
                  80002f24    00000038     csl6713.lib : csl_mcbsp.obj (.far)
                  80002f5c    00000028     main.obj (.far)
                  80002f84    00000028     dsk6713bsl.lib : dsk6713_aic23_registers.obj (.far)
                  80002fac    00000020                    : dsk6713_aic23_setfreq.obj (.far)
                  80002fcc    00000008     rts6700.lib : _lock.obj (.far)
                  80002fd4    00000008     dsk6713bsl.lib : dsk6713_aic23_opencodec.obj (.far)
                  80002fdc    00000002                    : dsk6713.obj (.far)

.const     0    80002fe0    00000060     
                  80002fe0    00000040     dsk6713bsl.lib : dsk6713_aic23_opencodec.obj (.const)
                  80003020    00000020                    : dsk6713.obj (.const)

.intvecs   0    00000000    00000000     UNINITIALIZED

.vectors   0    00000000    00000200     
                  00000000    00000200     vectors.obj (.vectors)

.pinit     0    00000200    00000000     UNINITIALIZED


GLOBAL SYMBOLS: SORTED ALPHABETICALLY BY Name 

address    name
--------   ----
80000000   $bss
80000000   .bss
80000000   .data
80000000   .text
80001a40   C$$EXIT
80002fd4   _DSK6713_AIC23_codeccontrolhandle
80002fd8   _DSK6713_AIC23_codecdatahandle
80001180   _DSK6713_AIC23_config
80000800   _DSK6713_AIC23_openCodec
8000115c   _DSK6713_AIC23_rget
800010c0   _DSK6713_AIC23_rset
80001780   _DSK6713_AIC23_setFreq
80000414   _DSK6713_getVersion
8000004c   _DSK6713_init
80000368   _DSK6713_rget
8000037c   _DSK6713_rset
80002fdc   _DSK6713_version
80000390   _DSK6713_wait
800003e8   _DSK6713_waitusec
00000000   _HWI_Cache_Control
800019a0   _IRQ_enable
80001a20   _IRQ_globalDisable
80001aa0   _IRQ_globalEnable
80000d60   _IRQ_map
80001b00   _IRQ_nmiEnable
80001960   _IRQ_reset
800014a0   _MCBSP_open
80001a80   _MCBSP_read
80000f20   _MCBSP_reset
800015a0   _MCBSP_start
80001b20   _MCBSP_write
ffffe7f7   _RTDX_interrupt_mask
80002e90   __IRQ_dispatchTable
80002dcc   __IRQ_eventTable
80001ae0   __IRQ_hookFetchPacket
80002e50   __IRQ_intTable
80002f54   __MCBSP_hDev0
80002f58   __MCBSP_hDev1
00001000   __STACK_SIZE
ffffffff   ___binit__
80000000   ___bss__
ffffffff   ___c_args__
80002b40   ___cinit__
80000000   ___data__
80000000   ___edata__
80000000   ___end__
80001b40   ___etext__
ffffffff   ___pinit__
80000000   ___text__
800019e0   __args_main
80001360   __auto_init
80002f1c   __cleanup_ptr
80002f20   __dtors_ptr
80002fcc   __lock
80001a60   __nop
80001b40   __stack
800016a0   __strasg
80002fd0   __unlock
UNDEFED __vectors
80001a40   _abort
UNDEFED _auto_init
800018e0   _c_int00
80000594   _c_int11
80002f5c   _config
80001220   _exit
80000730   _initIRQ
80000480   _main
80000b20   _memcpy
00000020   _vector1
00000140   _vector10
00000180   _vector12
000001a0   _vector13
000001c0   _vector14
000001e0   _vector15
00000040   _vector2
00000060   _vector3
00000080   _vector4
000000a0   _vector5
000000c0   _vector6
000000e0   _vector7
00000100   _vector8
00000120   _vector9
00000000   _vectors
ffffffff   binit
80002b40   cinit
80000000   edata
80000000   end
80001b40   etext
ffffffff   pinit


GLOBAL SYMBOLS: SORTED BY Symbol Address 

address    name
--------   ----
00000000   _vectors
00000000   _HWI_Cache_Control
00000020   _vector1
00000040   _vector2
00000060   _vector3
00000080   _vector4
000000a0   _vector5
000000c0   _vector6
000000e0   _vector7
00000100   _vector8
00000120   _vector9
00000140   _vector10
00000180   _vector12
000001a0   _vector13
000001c0   _vector14
000001e0   _vector15
00001000   __STACK_SIZE
80000000   ___edata__
80000000   ___data__
80000000   ___bss__
80000000   ___text__
80000000   edata
80000000   end
80000000   ___end__
80000000   .text
80000000   .data
80000000   $bss
80000000   .bss
8000004c   _DSK6713_init
80000368   _DSK6713_rget
8000037c   _DSK6713_rset
80000390   _DSK6713_wait
800003e8   _DSK6713_waitusec
80000414   _DSK6713_getVersion
80000480   _main
80000594   _c_int11
80000730   _initIRQ
80000800   _DSK6713_AIC23_openCodec
80000b20   _memcpy
80000d60   _IRQ_map
80000f20   _MCBSP_reset
800010c0   _DSK6713_AIC23_rset
8000115c   _DSK6713_AIC23_rget
80001180   _DSK6713_AIC23_config
80001220   _exit
80001360   __auto_init
800014a0   _MCBSP_open
800015a0   _MCBSP_start
800016a0   __strasg
80001780   _DSK6713_AIC23_setFreq
800018e0   _c_int00
80001960   _IRQ_reset
800019a0   _IRQ_enable
800019e0   __args_main
80001a20   _IRQ_globalDisable
80001a40   _abort
80001a40   C$$EXIT
80001a60   __nop
80001a80   _MCBSP_read
80001aa0   _IRQ_globalEnable
80001ae0   __IRQ_hookFetchPacket
80001b00   _IRQ_nmiEnable
80001b20   _MCBSP_write
80001b40   etext
80001b40   ___etext__
80001b40   __stack
80002b40   cinit
80002b40   ___cinit__
80002dcc   __IRQ_eventTable
80002e50   __IRQ_intTable
80002e90   __IRQ_dispatchTable
80002f1c   __cleanup_ptr
80002f20   __dtors_ptr
80002f54   __MCBSP_hDev0
80002f58   __MCBSP_hDev1
80002f5c   _config
80002fcc   __lock
80002fd0   __unlock
80002fd4   _DSK6713_AIC23_codeccontrolhandle
80002fd8   _DSK6713_AIC23_codecdatahandle
80002fdc   _DSK6713_version
ffffe7f7   _RTDX_interrupt_mask
UNDEFED __vectors
ffffffff   ___pinit__
ffffffff   pinit
UNDEFED _auto_init
ffffffff   ___binit__
ffffffff   binit
ffffffff   ___c_args__

[89 symbols]
