******************************************************************************
          TMS320C6x COFF Linker PC v5.1.0                      
******************************************************************************
>> Linked Mon Feb 27 17:05:04 2023

OUTPUT FILE NAME:   <./Debug/lr1.out>
ENTRY POINT SYMBOL: "_c_int00"  address: 80003180


MEMORY CONFIGURATION

                  name            origin    length      used    attr    fill
         ----------------------  --------  ---------  --------  ----  --------
         VECS                    00000000   00000200  00000000  RWIX
         PMEM                    00000200   0000fe00  00000000  RWIX
         BMEM                    80000000   01000000  0000664c  RWIX


SECTION ALLOCATION MAP

 output                                  attributes/
section   page    origin      length       input sections
--------  ----  ----------  ----------   ----------------
.rtdx_text 
*          0    80000000    00000000     UNINITIALIZED

.pinit     0    80000000    00000000     UNINITIALIZED

.cio       0    80000000    00000000     UNINITIALIZED

.const     0    80000000    00000000     UNINITIALIZED

.data      0    80000000    00000000     UNINITIALIZED

.rtdx_data 
*          0    80000000    00000000     UNINITIALIZED

.switch    0    80000000    00000000     UNINITIALIZED

.system    0    80000000    00000000     UNINITIALIZED

.text      0    80000000    000032c0     
                  80000000    00001820     lr1.obj (.text)
                  80001820    00000400     rts6700.lib : cos.obj (.text:_cos)
                  80001c20    000003a0                 : sin.obj (.text:_sin)
                  80001fc0    00000320                 : frcdivd.obj (.text:__frcdivd)
                  800022e0    00000280                 : sqrt.obj (.text:_sqrt)
                  80002560    00000280                 : divd.obj (.text:__divd)
                  800027e0    00000240                 : memcpy62.obj (.text:_memcpy)
                  80002a20    000001c0                 : ldexp.obj (.text:_ldexp)
                  80002be0    00000160                 : frexp.obj (.text:_frexp)
                  80002d40    00000140                 : autoinit.obj (.text:__auto_init)
                  80002e80    00000140                 : exit.obj (.text:_exit)
                  80002fc0    000000e0                 : modf.obj (.text:_modf)
                  800030a0    000000e0                 : round.obj (.text:__round)
                  80003180    00000080                 : boot.obj (.text:_c_int00)
                  80003200    00000040                 : args_main.obj (.text:__args_main)
                  80003240    00000040                 : trunc.obj (.text:__trunc)
                  80003280    00000020                 : exit.obj (.text:_abort)
                  800032a0    00000020                 : _lock.obj (.text:__nop)

.far       0    800032c0    00002cd8     UNINITIALIZED
                  800032c0    00002bc0     lr1.obj (.far)
                  80005e80    0000008c     rts6700.lib : exit.obj (.far)
                  80005f0c    00000004                 : errno.obj (.far)
                  80005f10    00000040                 : sin.obj (.far)
                  80005f50    00000040                 : cos.obj (.far)
                  80005f90    00000008                 : _lock.obj (.far)

.stack     0    80005f98    00000400     UNINITIALIZED
                  80005f98    00000008     rts6700.lib : boot.obj (.stack)

.cinit     0    80006398    000002ac     
                  80006398    000001b8     lr1.obj (.cinit)
                  80006550    00000048     rts6700.lib : sin.obj (.cinit)
                  80006598    00000048                 : cos.obj (.cinit)
                  800065e0    0000002c                 : exit.obj (.cinit)
                  8000660c    00000004     --HOLE-- [fill = 0]
                  80006610    0000001c                 : _lock.obj (.cinit)
                  8000662c    00000004     --HOLE-- [fill = 0]
                  80006630    0000000c                 : errno.obj (.cinit)
                  8000663c    00000008     --HOLE-- [fill = 0]

.bss       0    80006644    00000008     UNINITIALIZED
                  80006644    00000008     lr1.obj (.bss)

.intvecs   0    00000000    00000000     UNINITIALIZED


GLOBAL SYMBOLS: SORTED ALPHABETICALLY BY Name 

address    name
--------   ----
80006644   $bss
80006644   .bss
80000000   .data
80000000   .text
80003280   C$$EXIT
800005fc   _DFT
80006648   _N
800048a0   _Xi_in
80004ee0   _Xi_w1
80005070   _Xi_w2
80005200   _Xi_w3
80004710   _Xr_in
80004a30   _Xr_w1
80004bc0   _Xr_w2
80004d50   _Xr_w3
00000400   __STACK_SIZE
ffffffff   ___binit__
80006644   ___bss__
ffffffff   ___c_args__
80006398   ___cinit__
80000000   ___data__
80000000   ___edata__
8000664c   ___end__
800032c0   ___etext__
ffffffff   ___pinit__
80000000   ___text__
80003200   __args_main
80002d40   __auto_init
80005f04   __cleanup_ptr
80002560   __divd
80005f08   __dtors_ptr
80001fc0   __frcdivd
80005f90   __lock
800032a0   __nop
800030a0   __round
80005f98   __stack
80003240   __trunc
80005f94   __unlock
80003280   _abort
80003180   _c_int00
80001758   _calculate
80001820   _cos
80000440   _do_window1
800004d4   _do_window2
8000056c   _do_window3
80005f0c   _errno
80002e80   _exit
80002be0   _frexp
800000d0   _gen_Bartlett
800002e8   _gen_Hann
80000000   _gen_Rect
800032c0   _input_data
80005390   _input_spectr
80002a20   _ldexp
80006644   _len
800017e0   _main
800027e0   _memcpy
80002fc0   _modf
800059d0   _out_f1
80003f40   _out_f1i
80003db0   _out_f1r
80005b60   _out_f2
80004260   _out_f2i
800040d0   _out_f2r
80005cf0   _out_f3
80004580   _out_f3i
800043f0   _out_f3r
80003a90   _output_data_Bartlett
80003c20   _output_data_Hann
80003900   _output_data_Rect
80001c20   _sin
800022e0   _sqrt
800035e0   _time_Bartlett
80003770   _time_Hann
80003450   _time_Rect
80005520   _window1_spectr
800056b0   _window2_spectr
80005840   _window3_spectr
ffffffff   binit
80006398   cinit
80000000   edata
8000664c   end
800032c0   etext
ffffffff   pinit


GLOBAL SYMBOLS: SORTED BY Symbol Address 

address    name
--------   ----
00000400   __STACK_SIZE
80000000   edata
80000000   ___text__
80000000   ___edata__
80000000   _gen_Rect
80000000   ___data__
80000000   .data
80000000   .text
800000d0   _gen_Bartlett
800002e8   _gen_Hann
80000440   _do_window1
800004d4   _do_window2
8000056c   _do_window3
800005fc   _DFT
80001758   _calculate
800017e0   _main
80001820   _cos
80001c20   _sin
80001fc0   __frcdivd
800022e0   _sqrt
80002560   __divd
800027e0   _memcpy
80002a20   _ldexp
80002be0   _frexp
80002d40   __auto_init
80002e80   _exit
80002fc0   _modf
800030a0   __round
80003180   _c_int00
80003200   __args_main
80003240   __trunc
80003280   _abort
80003280   C$$EXIT
800032a0   __nop
800032c0   ___etext__
800032c0   _input_data
800032c0   etext
80003450   _time_Rect
800035e0   _time_Bartlett
80003770   _time_Hann
80003900   _output_data_Rect
80003a90   _output_data_Bartlett
80003c20   _output_data_Hann
80003db0   _out_f1r
80003f40   _out_f1i
800040d0   _out_f2r
80004260   _out_f2i
800043f0   _out_f3r
80004580   _out_f3i
80004710   _Xr_in
800048a0   _Xi_in
80004a30   _Xr_w1
80004bc0   _Xr_w2
80004d50   _Xr_w3
80004ee0   _Xi_w1
80005070   _Xi_w2
80005200   _Xi_w3
80005390   _input_spectr
80005520   _window1_spectr
800056b0   _window2_spectr
80005840   _window3_spectr
800059d0   _out_f1
80005b60   _out_f2
80005cf0   _out_f3
80005f04   __cleanup_ptr
80005f08   __dtors_ptr
80005f0c   _errno
80005f90   __lock
80005f94   __unlock
80005f98   __stack
80006398   cinit
80006398   ___cinit__
80006644   $bss
80006644   .bss
80006644   ___bss__
80006644   _len
80006648   _N
8000664c   ___end__
8000664c   end
ffffffff   pinit
ffffffff   ___c_args__
ffffffff   ___binit__
ffffffff   binit
ffffffff   ___pinit__

[84 symbols]
