******************************************************************************
          TMS320C6x COFF Linker PC v5.1.0                      
******************************************************************************
>> Linked Sun Apr 16 16:36:25 2023

OUTPUT FILE NAME:   <./Debug/lr_4.out>
ENTRY POINT SYMBOL: "_c_int00"  address: 000077e0


MEMORY CONFIGURATION

                  name            origin    length      used    attr    fill
         ----------------------  --------  ---------  --------  ----  --------
         IRAM                    00000000   00010000  000099d6  RWIX
         CE0                     80000000   01000000  00000000  RWIX


SECTION ALLOCATION MAP

 output                                  attributes/
section   page    origin      length       input sections
--------  ----  ----------  ----------   ----------------
.data      0    00000000    00000000     UNINITIALIZED

.switch    0    00000000    00000000     UNINITIALIZED

.tables    0    00000000    00000000     UNINITIALIZED

.text      0    00000000    00007aa0     
                  00000000    000005a0     rts6700.lib : _printfi.obj (.text:__setfield)
                  000005a0    00000480                 : _printfi.obj (.text:__getarg_diouxp)
                  00000a20    00000480                 : _printfi.obj (.text:__printfi)
                  00000ea0    00000480                 : fcvt.obj (.text:_fcvt)
                  00001320    00000480                 : ecvt.obj (.text:_ecvt)
                  000017a0    00000440                 : _printfi.obj (.text:__fcpy)
                  00001be0    000003e0                 : _printfi.obj (.text:__pproc_fwp)
                  00001fc0    000003c0                 : fputs.obj (.text:_fputs)
                  00002380    000003c0                 : _printfi.obj (.text:__pconv_e)
                  00002740    000003a0                 : memory.obj (.text:_free)
                  00002ae0    00000380                 : imath64.obj (.text:__divull)
                  00002e60    00000380                 : _printfi.obj (.text:__pproc_str)
                  000031e0    00000320                 : frcdivd.obj (.text:__frcdivd)
                  00003500    00000300                 : _printfi.obj (.text:__pproc_diouxp)
                  00003800    00000300                 : _printfi.obj (.text:__pconv_g)
                  00003b00    00000280                 : divd.obj (.text:__divd)
                  00003d80    00000260                 : setvbuf.obj (.text:_setvbuf)
                  00003fe0    00000260                 : imath40.obj (.text:__divul)
                  00004240    00000240                 : memcpy62.obj (.text:_memcpy)
                  00004480    00000240                 : trgdrv.obj (.text:_HOSTrename)
                  000046c0    00000220                 : memory.obj (.text:_malloc)
                  000048e0    00000200                 : _printfi.obj (.text:__mcpy)
                  00004ae0    000001e0                 : _printfi.obj (.text:__ltostr)
                  00004cc0    000001c0                 : lowlev.obj (.text:_getdevice)
                  00004e80    00000180                 : fputc.obj (.text:_fputc)
                  00005000    00000180                 : trgdrv.obj (.text:_HOSTlseek)
                  00005180    00000160                 : trgdrv.obj (.text:_HOSTopen)
                  000052e0    00000160                 : _printfi.obj (.text:__pproc_fflags)
                  00005440    00000160                 : lowlev.obj (.text:_write)
                  000055a0    00000160                 : lowlev.obj (.text:_lseek)
                  00005700    00000160                 : fclose.obj (.text:_fclose)
                  00005860    00000140                 : ltoa.obj (.text:_ltoa)
                  000059a0    00000140                 : imath40.obj (.text:__divli)
                  00005ae0    00000140                 : exit.obj (.text:_exit)
                  00005c20    00000140                 : autoinit.obj (.text:__auto_init)
                  00005d60    00000140                 : memset.obj (.text:_memset)
                  00005ea0    00000140                 : atoi.obj (.text:_atoi)
                  00005fe0    00000140                 : _printfi.obj (.text:__pconv_f)
                  00006120    00000140                 : lowlev.obj (.text:_close)
                  00006260    00000120                 : _io_perm.obj (.text:__wrt_ok)
                  00006380    00000120                 : trgdrv.obj (.text:_HOSTunlink)
                  000064a0    00000120                 : _printfi.obj (.text:__div)
                  000065c0    00000120                 : fseek.obj (.text:_fseek)
                  000066e0    00000120                 : trgdrv.obj (.text:_HOSTwrite)
                  00006800    00000120                 : trgdrv.obj (.text:_HOSTread)
                  00006920    00000120                 : _printfi.obj (.text:__pproc_fge)
                  00006a40    00000100                 : _printfi.obj (.text:__ecpy)
                  00006b40    00000100                 : fopen.obj (.text:__cleanup)
                  00006c40    00000100                 : trgdrv.obj (.text:_HOSTclose)
                  00006d40    000000e0                 : memory.obj (.text:_mremove)
                  00006e20    000000e0                 : memory.obj (.text:_minsert)
                  00006f00    000000e0                 : fflush.obj (.text:__doflush)
                  00006fe0    000000c0                 : divu.obj (.text:__divu)
                  000070a0    000000c0                 : trgmsg.obj (.text:_writemsg)
                  00007160    000000c0                 : fixdli.obj (.text:__fixdli)
                  00007220    000000c0                 : trgmsg.obj (.text:_readmsg)
                  000072e0    000000c0                 : lowlev.obj (.text:_finddevice)
                  000073a0    000000a0     lr_4.obj (.text)
                  00007440    000000a0     rts6700.lib : printf.obj (.text:_printf)
                  000074e0    000000a0                 : imath40.obj (.text:__remli)
                  00007580    000000a0                 : lowlev.obj (.text:_unlink)
                  00007620    000000a0                 : mpyll.obj (.text:__mpyll)
                  000076c0    000000a0                 : memccpy.obj (.text:_memccpy)
                  00007760    00000080                 : llshift.obj (.text:__llshl)
                  000077e0    00000080                 : boot.obj (.text:_c_int00)
                  00007860    00000080                 : llshift.obj (.text:__llshru)
                  000078e0    00000060     example.obj (.text)
                  00007940    00000060     rts6700.lib : imath64.obj (.text:__subcull)
                  000079a0    00000040                 : args_main.obj (.text:__args_main)
                  000079e0    00000020                 : negll.obj (.text:__negll)
                  00007a00    00000020                 : remove.obj (.text:_remove)
                  00007a20    00000020                 : _lock.obj (.text:__nop)
                  00007a40    00000020                 : exit.obj (.text:_abort)
                  00007a60    00000020                 : printf.obj (.text:__outs)
                  00007a80    00000020                 : printf.obj (.text:__outc)

.far       0    00007aa0    00000d80     UNINITIALIZED
                  00007aa0    00000400     lr_4.obj (.far)
                  00007ea0    00000374     rts6700.lib : defs.obj (.far)
                  00008214    00000190                 : fcvt.obj (.far)
                  000083a4    00000190                 : _printfi.obj (.far)
                  00008534    0000011c                 : lowlev.obj (.far)
                  00008650    000000d0                 : trgdrv.obj (.far)
                  00008720    0000008c                 : exit.obj (.far)
                  000087ac    00000064                 : ecvt.obj (.far)
                  00008810    00000008                 : _lock.obj (.far)
                  00008818    00000008                 : memory.obj (.far)

.cinit     0    00008820    0000074c     
                  00008820    0000041c     lr_4.obj (.cinit)
                  00008c3c    00000004     --HOLE-- [fill = 0]
                  00008c40    00000244     rts6700.lib : defs.obj (.cinit)
                  00008e84    00000004     --HOLE-- [fill = 0]
                  00008e88    0000005c                 : lowlev.obj (.cinit)
                  00008ee4    00000004     --HOLE-- [fill = 0]
                  00008ee8    0000002c                 : exit.obj (.cinit)
                  00008f14    00000004     --HOLE-- [fill = 0]
                  00008f18    0000002c                 : memory.obj (.cinit)
                  00008f44    00000004     --HOLE-- [fill = 0]
                  00008f48    0000001c                 : _lock.obj (.cinit)
                  00008f64    00000008     --HOLE-- [fill = 0]

.bss       0    00008f6c    00000004     UNINITIALIZED
                  00008f6c    00000004     lr_4.obj (.bss)

.stack     0    00008f70    00000400     UNINITIALIZED
                  00008f70    00000008     rts6700.lib : boot.obj (.stack)

.sysmem    0    00009370    00000400     UNINITIALIZED
                  00009370    00000008     rts6700.lib : memory.obj (.sysmem)

.const     0    00009770    00000146     
                  00009770    00000101     rts6700.lib : ctype.obj (.const)
                  00009871    0000002a                 : _printfi.obj (.const)
                  0000989b    00000019     lr_4.obj (.const)
                  000098b4    00000002     rts6700.lib : fputs.obj (.const)

.cio       0    000098b8    00000120     UNINITIALIZED
                  000098b8    00000120     rts6700.lib : trgmsg.obj (.cio)


GLOBAL SYMBOLS: SORTED ALPHABETICALLY BY Name 

address    name
--------   ----
00008f6c   $bss
00008f6c   .bss
00000000   .data
00000000   .text
00007a40   C$$EXIT
0000714c   C$$IO$$
00006c40   _HOSTclose
00005000   _HOSTlseek
00005180   _HOSTopen
00006800   _HOSTread
00004480   _HOSTrename
00006380   _HOSTunlink
000066e0   _HOSTwrite
000098b8   __CIOBUF_
00000400   __STACK_SIZE
00000400   __SYSMEM_SIZE
ffffffff   ___binit__
00008f6c   ___bss__
ffffffff   ___c_args__
00008820   ___cinit__
00000000   ___data__
00000000   ___edata__
00008f70   ___end__
00007aa0   ___etext__
ffffffff   ___pinit__
00000000   ___text__
000079a0   __args_main
00005c20   __auto_init
00006b40   __cleanup
000087a4   __cleanup_ptr
00009770   __ctypes_
00003b00   __divd
000059a0   __divli
00006fe0   __divu
00003fe0   __divul
00002ae0   __divull
00006f00   __doflush
000087a8   __dtors_ptr
00007160   __fixdli
000031e0   __frcdivd
00008210   __ft_end
00007ea0   __ftable
00007760   __llshl
00007860   __llshru
00008810   __lock
00007620   __mpyll
000079e0   __negll
00007a20   __nop
00000a20   __printfi
000074e0   __remli
00008f70   __stack
00007940   __subcull
00009370   __sys_memory
000080d0   __tmpnams
00008814   __unlock
00006260   __wrt_ok
00007aa0   _a
00007a40   _abort
00005ea0   _atoi
000077e0   _c_int00
00006120   _close
000078e0   _dotp
00001320   _ecvt
00005ae0   _exit
00005700   _fclose
00000ea0   _fcvt
00004e80   _fputc
00001fc0   _fputs
00002740   _free
000065c0   _fseek
000055a0   _lseek
00005860   _ltoa
000073a0   _main
000046c0   _malloc
000076c0   _memccpy
00004240   _memcpy
00005d60   _memset
00007440   _printf
00007220   _readmsg
00007a00   _remove
00003d80   _setvbuf
00007580   _unlink
00005440   _write
000070a0   _writemsg
00007ca0   _x
00008f6c   _y
ffffffff   binit
00008820   cinit
00000000   edata
00008f70   end
00007aa0   etext
ffffffff   pinit


GLOBAL SYMBOLS: SORTED BY Symbol Address 

address    name
--------   ----
00000000   ___data__
00000000   ___edata__
00000000   ___text__
00000000   .text
00000000   edata
00000000   .data
00000400   __SYSMEM_SIZE
00000400   __STACK_SIZE
00000a20   __printfi
00000ea0   _fcvt
00001320   _ecvt
00001fc0   _fputs
00002740   _free
00002ae0   __divull
000031e0   __frcdivd
00003b00   __divd
00003d80   _setvbuf
00003fe0   __divul
00004240   _memcpy
00004480   _HOSTrename
000046c0   _malloc
00004e80   _fputc
00005000   _HOSTlseek
00005180   _HOSTopen
00005440   _write
000055a0   _lseek
00005700   _fclose
00005860   _ltoa
000059a0   __divli
00005ae0   _exit
00005c20   __auto_init
00005d60   _memset
00005ea0   _atoi
00006120   _close
00006260   __wrt_ok
00006380   _HOSTunlink
000065c0   _fseek
000066e0   _HOSTwrite
00006800   _HOSTread
00006b40   __cleanup
00006c40   _HOSTclose
00006f00   __doflush
00006fe0   __divu
000070a0   _writemsg
0000714c   C$$IO$$
00007160   __fixdli
00007220   _readmsg
000073a0   _main
00007440   _printf
000074e0   __remli
00007580   _unlink
00007620   __mpyll
000076c0   _memccpy
00007760   __llshl
000077e0   _c_int00
00007860   __llshru
000078e0   _dotp
00007940   __subcull
000079a0   __args_main
000079e0   __negll
00007a00   _remove
00007a20   __nop
00007a40   C$$EXIT
00007a40   _abort
00007aa0   ___etext__
00007aa0   _a
00007aa0   etext
00007ca0   _x
00007ea0   __ftable
000080d0   __tmpnams
00008210   __ft_end
000087a4   __cleanup_ptr
000087a8   __dtors_ptr
00008810   __lock
00008814   __unlock
00008820   ___cinit__
00008820   cinit
00008f6c   .bss
00008f6c   $bss
00008f6c   _y
00008f6c   ___bss__
00008f70   end
00008f70   __stack
00008f70   ___end__
00009370   __sys_memory
00009770   __ctypes_
000098b8   __CIOBUF_
ffffffff   pinit
ffffffff   ___pinit__
ffffffff   ___binit__
ffffffff   ___c_args__
ffffffff   binit

[92 symbols]
